<?xml version="1.0"?>
<link_info>
   <banner>TI ARM Linker PC v16.9.4.LTS</banner>
   <copyright>Copyright (c) 1996-2017 Texas Instruments Incorporated</copyright>
   <link_time>0x5ab3e7f2</link_time>
   <link_errors>0x0</link_errors>
   <output_file>Digital PID.out</output_file>
   <entry_point>
      <name>_c_int00</name>
      <address>0x9a9</address>
   </entry_point>
   <input_file_list>
      <input_file id="fl-2">
         <path>.\</path>
         <kind>object</kind>
         <file>main.obj</file>
         <name>main.obj</name>
      </input_file>
      <input_file id="fl-3">
         <path>.\</path>
         <kind>object</kind>
         <file>tm4c123gh6pm_startup_ccs.obj</file>
         <name>tm4c123gh6pm_startup_ccs.obj</name>
      </input_file>
      <input_file id="fl-8">
         <kind>object</kind>
         <file>&lt;internal&gt;</file>
         <name>&lt;internal&gt;</name>
      </input_file>
      <input_file id="fl-9">
         <path>..\</path>
         <kind>archive</kind>
         <file>driverlib.lib</file>
         <name>gpio.obj</name>
      </input_file>
      <input_file id="fl-a">
         <path>..\</path>
         <kind>archive</kind>
         <file>driverlib.lib</file>
         <name>interrupt.obj</name>
      </input_file>
      <input_file id="fl-b">
         <path>..\</path>
         <kind>archive</kind>
         <file>driverlib.lib</file>
         <name>pwm.obj</name>
      </input_file>
      <input_file id="fl-c">
         <path>..\</path>
         <kind>archive</kind>
         <file>driverlib.lib</file>
         <name>sysctl.obj</name>
      </input_file>
      <input_file id="fl-d">
         <path>..\</path>
         <kind>archive</kind>
         <file>driverlib.lib</file>
         <name>cpu.obj</name>
      </input_file>
      <input_file id="fl-c3">
         <path>C:\ti\ccsv7\tools\compiler\ti-cgt-arm_16.9.4.LTS\lib\</path>
         <kind>archive</kind>
         <file>rtsv7M4_T_le_v4SPD16_eabi.lib</file>
         <name>boot.obj</name>
      </input_file>
      <input_file id="fl-c4">
         <path>C:\ti\ccsv7\tools\compiler\ti-cgt-arm_16.9.4.LTS\lib\</path>
         <kind>archive</kind>
         <file>rtsv7M4_T_le_v4SPD16_eabi.lib</file>
         <name>copy_decompress_lzss.obj</name>
      </input_file>
      <input_file id="fl-c5">
         <path>C:\ti\ccsv7\tools\compiler\ti-cgt-arm_16.9.4.LTS\lib\</path>
         <kind>archive</kind>
         <file>rtsv7M4_T_le_v4SPD16_eabi.lib</file>
         <name>copy_decompress_none.obj</name>
      </input_file>
      <input_file id="fl-c6">
         <path>C:\ti\ccsv7\tools\compiler\ti-cgt-arm_16.9.4.LTS\lib\</path>
         <kind>archive</kind>
         <file>rtsv7M4_T_le_v4SPD16_eabi.lib</file>
         <name>copy_zero_init.obj</name>
      </input_file>
      <input_file id="fl-c7">
         <path>C:\ti\ccsv7\tools\compiler\ti-cgt-arm_16.9.4.LTS\lib\</path>
         <kind>archive</kind>
         <file>rtsv7M4_T_le_v4SPD16_eabi.lib</file>
         <name>exit.obj</name>
      </input_file>
      <input_file id="fl-c8">
         <path>C:\ti\ccsv7\tools\compiler\ti-cgt-arm_16.9.4.LTS\lib\</path>
         <kind>archive</kind>
         <file>rtsv7M4_T_le_v4SPD16_eabi.lib</file>
         <name>memcpy_t2.obj</name>
      </input_file>
      <input_file id="fl-c9">
         <path>C:\ti\ccsv7\tools\compiler\ti-cgt-arm_16.9.4.LTS\lib\</path>
         <kind>archive</kind>
         <file>rtsv7M4_T_le_v4SPD16_eabi.lib</file>
         <name>memset_t2.obj</name>
      </input_file>
      <input_file id="fl-ca">
         <path>C:\ti\ccsv7\tools\compiler\ti-cgt-arm_16.9.4.LTS\lib\</path>
         <kind>archive</kind>
         <file>rtsv7M4_T_le_v4SPD16_eabi.lib</file>
         <name>mpu_init.obj</name>
      </input_file>
      <input_file id="fl-cb">
         <path>C:\ti\ccsv7\tools\compiler\ti-cgt-arm_16.9.4.LTS\lib\</path>
         <kind>archive</kind>
         <file>rtsv7M4_T_le_v4SPD16_eabi.lib</file>
         <name>pre_init.obj</name>
      </input_file>
      <input_file id="fl-cc">
         <path>C:\ti\ccsv7\tools\compiler\ti-cgt-arm_16.9.4.LTS\lib\</path>
         <kind>archive</kind>
         <file>rtsv7M4_T_le_v4SPD16_eabi.lib</file>
         <name>stkdepth_vars.obj</name>
      </input_file>
      <input_file id="fl-cd">
         <path>C:\ti\ccsv7\tools\compiler\ti-cgt-arm_16.9.4.LTS\lib\</path>
         <kind>archive</kind>
         <file>rtsv7M4_T_le_v4SPD16_eabi.lib</file>
         <name>_lock.obj</name>
      </input_file>
      <input_file id="fl-ce">
         <path>C:\ti\ccsv7\tools\compiler\ti-cgt-arm_16.9.4.LTS\lib\</path>
         <kind>archive</kind>
         <file>rtsv7M4_T_le_v4SPD16_eabi.lib</file>
         <name>args_main.obj</name>
      </input_file>
      <input_file id="fl-cf">
         <path>C:\ti\ccsv7\tools\compiler\ti-cgt-arm_16.9.4.LTS\lib\</path>
         <kind>archive</kind>
         <file>rtsv7M4_T_le_v4SPD16_eabi.lib</file>
         <name>autoinit.obj</name>
      </input_file>
      <input_file id="fl-d0">
         <path>C:\ti\ccsv7\tools\compiler\ti-cgt-arm_16.9.4.LTS\lib\</path>
         <kind>archive</kind>
         <file>rtsv7M4_T_le_v4SPD16_eabi.lib</file>
         <name>cpy_tbl.obj</name>
      </input_file>
      <input_file id="fl-d1">
         <path>C:\ti\ccsv7\tools\compiler\ti-cgt-arm_16.9.4.LTS\lib\</path>
         <kind>archive</kind>
         <file>rtsv7M4_T_le_v4SPD16_eabi.lib</file>
         <name>startup.obj</name>
      </input_file>
   </input_file_list>
   <object_component_list>
      <object_component id="oc-f">
         <name>.intvecs</name>
         <load_address>0x0</load_address>
         <run_address>0x0</run_address>
         <size>0x26c</size>
         <input_file_ref idref="fl-3"/>
      </object_component>
      <object_component id="oc-a7">
         <name>.text</name>
         <load_address>0x26c</load_address>
         <run_address>0x26c</run_address>
         <size>0x324</size>
         <input_file_ref idref="fl-2"/>
      </object_component>
      <object_component id="oc-155">
         <name>.text:GPIOPadConfigSet</name>
         <load_address>0x590</load_address>
         <run_address>0x590</run_address>
         <size>0x132</size>
         <input_file_ref idref="fl-9"/>
      </object_component>
      <object_component id="oc-57">
         <name>.text</name>
         <load_address>0x6c2</load_address>
         <run_address>0x6c2</run_address>
         <size>0x2</size>
         <input_file_ref idref="fl-ca"/>
      </object_component>
      <object_component id="oc-ee">
         <name>.text:SysCtlClockSet</name>
         <load_address>0x6c4</load_address>
         <run_address>0x6c4</run_address>
         <size>0xf4</size>
         <input_file_ref idref="fl-c"/>
      </object_component>
      <object_component id="oc-3f">
         <name>.text</name>
         <load_address>0x7b8</load_address>
         <run_address>0x7b8</run_address>
         <size>0x9c</size>
         <input_file_ref idref="fl-c8"/>
      </object_component>
      <object_component id="oc-4b">
         <name>.text</name>
         <load_address>0x854</load_address>
         <run_address>0x854</run_address>
         <size>0x7a</size>
         <input_file_ref idref="fl-c9"/>
      </object_component>
      <object_component id="oc-9f">
         <name>.text</name>
         <load_address>0x8ce</load_address>
         <run_address>0x8ce</run_address>
         <size>0x2</size>
         <input_file_ref idref="fl-d1"/>
      </object_component>
      <object_component id="oc-63">
         <name>.text</name>
         <load_address>0x8d0</load_address>
         <run_address>0x8d0</run_address>
         <size>0x70</size>
         <input_file_ref idref="fl-cf"/>
      </object_component>
      <object_component id="oc-12">
         <name>.text:decompress:lzss</name>
         <load_address>0x940</load_address>
         <run_address>0x940</run_address>
         <size>0x68</size>
         <input_file_ref idref="fl-c4"/>
      </object_component>
      <object_component id="oc-24">
         <name>.text</name>
         <load_address>0x9a8</load_address>
         <run_address>0x9a8</run_address>
         <size>0x54</size>
         <input_file_ref idref="fl-c3"/>
      </object_component>
      <object_component id="oc-6f">
         <name>.text</name>
         <load_address>0x9fc</load_address>
         <run_address>0x9fc</run_address>
         <size>0x54</size>
         <input_file_ref idref="fl-c7"/>
      </object_component>
      <object_component id="oc-99">
         <name>.text</name>
         <load_address>0xa50</load_address>
         <run_address>0xa50</run_address>
         <size>0x4c</size>
         <input_file_ref idref="fl-d0"/>
      </object_component>
      <object_component id="oc-106">
         <name>.text:GPIOPinConfigure</name>
         <load_address>0xa9c</load_address>
         <run_address>0xa9c</run_address>
         <size>0x48</size>
         <input_file_ref idref="fl-9"/>
      </object_component>
      <object_component id="oc-f4">
         <name>.text:SysCtlPeripheralEnable</name>
         <load_address>0xae4</load_address>
         <run_address>0xae4</run_address>
         <size>0x34</size>
         <input_file_ref idref="fl-c"/>
      </object_component>
      <object_component id="oc-14f">
         <name>.text:GPIODirModeSet</name>
         <load_address>0xb18</load_address>
         <run_address>0xb18</run_address>
         <size>0x2a</size>
         <input_file_ref idref="fl-9"/>
      </object_component>
      <object_component id="oc-d6">
         <name>.text:PWMGenConfigure</name>
         <load_address>0xb42</load_address>
         <run_address>0xb42</run_address>
         <size>0x22</size>
         <input_file_ref idref="fl-b"/>
      </object_component>
      <object_component id="oc-10c">
         <name>.text:PWMPulseWidthSet</name>
         <load_address>0xb64</load_address>
         <run_address>0xb64</run_address>
         <size>0x1e</size>
         <input_file_ref idref="fl-b"/>
      </object_component>
      <object_component id="oc-69">
         <name>.text</name>
         <load_address>0xb84</load_address>
         <run_address>0xb84</run_address>
         <size>0x18</size>
         <input_file_ref idref="fl-ce"/>
      </object_component>
      <object_component id="oc-fa">
         <name>.text:SysCtlPWMClockSet</name>
         <load_address>0xb9c</load_address>
         <run_address>0xb9c</run_address>
         <size>0x14</size>
         <input_file_ref idref="fl-c"/>
      </object_component>
      <object_component id="oc-12b">
         <name>.text</name>
         <load_address>0xbb0</load_address>
         <run_address>0xbb0</run_address>
         <size>0x14</size>
         <input_file_ref idref="fl-cd"/>
      </object_component>
      <object_component id="oc-100">
         <name>.text:GPIOPinTypePWM</name>
         <load_address>0xbc4</load_address>
         <run_address>0xbc4</run_address>
         <size>0x12</size>
         <input_file_ref idref="fl-9"/>
      </object_component>
      <object_component id="oc-e2">
         <name>.text:PWMOutputState</name>
         <load_address>0xbd6</load_address>
         <run_address>0xbd6</run_address>
         <size>0x12</size>
         <input_file_ref idref="fl-b"/>
      </object_component>
      <object_component id="oc-dc">
         <name>.text:PWMGenPeriodSet</name>
         <load_address>0xbe8</load_address>
         <run_address>0xbe8</run_address>
         <size>0x10</size>
         <input_file_ref idref="fl-b"/>
      </object_component>
      <object_component id="oc-18">
         <name>.text:decompress:none</name>
         <load_address>0xbf8</load_address>
         <run_address>0xbf8</run_address>
         <size>0xe</size>
         <input_file_ref idref="fl-c5"/>
      </object_component>
      <object_component id="oc-e8">
         <name>.text:PWMGenEnable</name>
         <load_address>0xc06</load_address>
         <run_address>0xc06</run_address>
         <size>0xc</size>
         <input_file_ref idref="fl-b"/>
      </object_component>
      <object_component id="oc-1e">
         <name>.text:decompress:ZI</name>
         <load_address>0xc12</load_address>
         <run_address>0xc12</run_address>
         <size>0xc</size>
         <input_file_ref idref="fl-c6"/>
      </object_component>
      <object_component id="oc-2b">
         <name>.text</name>
         <load_address>0xc1e</load_address>
         <run_address>0xc1e</run_address>
         <size>0xc</size>
         <input_file_ref idref="fl-3"/>
      </object_component>
      <object_component id="oc-d0">
         <name>.text:GPIOPinWrite</name>
         <load_address>0xc2a</load_address>
         <run_address>0xc2a</run_address>
         <size>0x6</size>
         <input_file_ref idref="fl-9"/>
      </object_component>
      <object_component id="oc-14a">
         <name>.text:SysCtlDelay</name>
         <load_address>0xc30</load_address>
         <run_address>0xc30</run_address>
         <size>0x6</size>
         <input_file_ref idref="fl-c"/>
      </object_component>
      <object_component id="oc-5d">
         <name>.text</name>
         <load_address>0xc36</load_address>
         <run_address>0xc36</run_address>
         <size>0x4</size>
         <input_file_ref idref="fl-cb"/>
      </object_component>
      <object_component id="oc-15c">
         <name>.const:g_pui32GPIOBaseAddrs</name>
         <load_address>0xc3c</load_address>
         <run_address>0xc3c</run_address>
         <size>0x90</size>
         <input_file_ref idref="fl-9"/>
      </object_component>
      <object_component id="oc-196">
         <name>.cinit..data.load</name>
         <load_address>0xcd0</load_address>
         <run_address>0xcd0</run_address>
         <size>0x11</size>
      </object_component>
      <object_component id="oc-194">
         <name>__TI_handler_table</name>
         <load_address>0xce4</load_address>
         <run_address>0xce4</run_address>
         <size>0xc</size>
      </object_component>
      <object_component id="oc-197">
         <name>.cinit..bss.load</name>
         <load_address>0xcf0</load_address>
         <run_address>0xcf0</run_address>
         <size>0x8</size>
      </object_component>
      <object_component id="oc-195">
         <name>__TI_cinit_table</name>
         <load_address>0xcf8</load_address>
         <run_address>0xcf8</run_address>
         <size>0x10</size>
      </object_component>
      <object_component id="oc-af">
         <name>.data:$O1$$</name>
         <load_address>0x20000234</load_address>
         <run_address>0x20000234</run_address>
         <size>0xc</size>
         <input_file_ref idref="fl-c7"/>
      </object_component>
      <object_component id="oc-75">
         <name>.data</name>
         <load_address>0x20000248</load_address>
         <run_address>0x20000248</run_address>
         <size>0x4</size>
         <input_file_ref idref="fl-cc"/>
      </object_component>
      <object_component id="oc-b2">
         <name>.data:$O1$$</name>
         <load_address>0x20000240</load_address>
         <run_address>0x20000240</run_address>
         <size>0x8</size>
         <input_file_ref idref="fl-cd"/>
      </object_component>
      <object_component id="oc-112">
         <name>.common:Kp</name>
         <uninitialized>true</uninitialized>
         <run_address>0x2000020c</run_address>
         <size>0x4</size>
      </object_component>
      <object_component id="oc-115">
         <name>.common:Ki</name>
         <uninitialized>true</uninitialized>
         <run_address>0x20000208</run_address>
         <size>0x4</size>
      </object_component>
      <object_component id="oc-116">
         <name>.common:Kd</name>
         <uninitialized>true</uninitialized>
         <run_address>0x20000204</run_address>
         <size>0x4</size>
      </object_component>
      <object_component id="oc-117">
         <name>.common:minInt</name>
         <uninitialized>true</uninitialized>
         <run_address>0x2000022c</run_address>
         <size>0x4</size>
      </object_component>
      <object_component id="oc-118">
         <name>.common:maxInt</name>
         <uninitialized>true</uninitialized>
         <run_address>0x20000228</run_address>
         <size>0x4</size>
      </object_component>
      <object_component id="oc-11c">
         <name>.common:setPoint</name>
         <uninitialized>true</uninitialized>
         <run_address>0x20000230</run_address>
         <size>0x4</size>
      </object_component>
      <object_component id="oc-119">
         <name>.common:derivator</name>
         <uninitialized>true</uninitialized>
         <run_address>0x2000021c</run_address>
         <size>0x4</size>
      </object_component>
      <object_component id="oc-11a">
         <name>.common:integrator</name>
         <uninitialized>true</uninitialized>
         <run_address>0x20000224</run_address>
         <size>0x4</size>
      </object_component>
      <object_component id="oc-11b">
         <name>.common:error</name>
         <uninitialized>true</uninitialized>
         <run_address>0x20000220</run_address>
         <size>0x4</size>
      </object_component>
      <object_component id="oc-11e">
         <name>.common:Load</name>
         <uninitialized>true</uninitialized>
         <run_address>0x20000210</run_address>
         <size>0x4</size>
      </object_component>
      <object_component id="oc-11d">
         <name>.common:PWMClock</name>
         <uninitialized>true</uninitialized>
         <run_address>0x20000214</run_address>
         <size>0x4</size>
      </object_component>
      <object_component id="oc-11f">
         <name>.common:DutyC1</name>
         <uninitialized>true</uninitialized>
         <run_address>0x20000200</run_address>
         <size>0x4</size>
      </object_component>
      <object_component id="oc-120">
         <name>.common:SensorVar</name>
         <uninitialized>true</uninitialized>
         <run_address>0x20000218</run_address>
         <size>0x4</size>
      </object_component>
      <object_component id="oc-2a">
         <name>.stack</name>
         <uninitialized>true</uninitialized>
         <run_address>0x20000000</run_address>
         <size>0x0</size>
         <input_file_ref idref="fl-c3"/>
      </object_component>
      <object_component id="oc-198">
         <name>.stack</name>
         <uninitialized>true</uninitialized>
         <run_address>0x20000000</run_address>
         <size>0x0</size>
      </object_component>
      <object_component id="oc-113">
         <name>.debug_info</name>
         <load_address>0x0</load_address>
         <run_address>0x0</run_address>
         <size>0x61d</size>
         <input_file_ref idref="fl-2"/>
      </object_component>
      <object_component id="oc-a8">
         <name>.debug_info</name>
         <load_address>0x61d</load_address>
         <run_address>0x61d</run_address>
         <size>0x500</size>
         <input_file_ref idref="fl-2"/>
      </object_component>
      <object_component id="oc-ba">
         <name>.debug_info</name>
         <load_address>0xb1d</load_address>
         <run_address>0xb1d</run_address>
         <size>0x8b</size>
         <input_file_ref idref="fl-2"/>
      </object_component>
      <object_component id="oc-7c">
         <name>.debug_info</name>
         <load_address>0xba8</load_address>
         <run_address>0xba8</run_address>
         <size>0x18b</size>
         <input_file_ref idref="fl-2"/>
      </object_component>
      <object_component id="oc-33">
         <name>.debug_info</name>
         <load_address>0xd33</load_address>
         <run_address>0xd33</run_address>
         <size>0x298</size>
         <input_file_ref idref="fl-3"/>
      </object_component>
      <object_component id="oc-10">
         <name>.debug_info</name>
         <load_address>0xfcb</load_address>
         <run_address>0xfcb</run_address>
         <size>0xe9</size>
         <input_file_ref idref="fl-3"/>
      </object_component>
      <object_component id="oc-2e">
         <name>.debug_info</name>
         <load_address>0x10b4</load_address>
         <run_address>0x10b4</run_address>
         <size>0x265</size>
         <input_file_ref idref="fl-3"/>
      </object_component>
      <object_component id="oc-3a">
         <name>.debug_info</name>
         <load_address>0x1319</load_address>
         <run_address>0x1319</run_address>
         <size>0x84</size>
         <input_file_ref idref="fl-3"/>
      </object_component>
      <object_component id="oc-144">
         <name>.debug_info</name>
         <load_address>0x139d</load_address>
         <run_address>0x139d</run_address>
         <size>0x240</size>
         <input_file_ref idref="fl-9"/>
      </object_component>
      <object_component id="oc-15d">
         <name>.debug_info</name>
         <load_address>0x15dd</load_address>
         <run_address>0x15dd</run_address>
         <size>0x15b</size>
         <input_file_ref idref="fl-9"/>
      </object_component>
      <object_component id="oc-d1">
         <name>.debug_info</name>
         <load_address>0x1738</load_address>
         <run_address>0x1738</run_address>
         <size>0x2a3</size>
         <input_file_ref idref="fl-9"/>
      </object_component>
      <object_component id="oc-150">
         <name>.debug_info</name>
         <load_address>0x19db</load_address>
         <run_address>0x19db</run_address>
         <size>0x2b3</size>
         <input_file_ref idref="fl-9"/>
      </object_component>
      <object_component id="oc-156">
         <name>.debug_info</name>
         <load_address>0x1c8e</load_address>
         <run_address>0x1c8e</run_address>
         <size>0x316</size>
         <input_file_ref idref="fl-9"/>
      </object_component>
      <object_component id="oc-101">
         <name>.debug_info</name>
         <load_address>0x1fa4</load_address>
         <run_address>0x1fa4</run_address>
         <size>0x279</size>
         <input_file_ref idref="fl-9"/>
      </object_component>
      <object_component id="oc-107">
         <name>.debug_info</name>
         <load_address>0x221d</load_address>
         <run_address>0x221d</run_address>
         <size>0x280</size>
         <input_file_ref idref="fl-9"/>
      </object_component>
      <object_component id="oc-146">
         <name>.debug_info</name>
         <load_address>0x249d</load_address>
         <run_address>0x249d</run_address>
         <size>0x1ed</size>
         <input_file_ref idref="fl-b"/>
      </object_component>
      <object_component id="oc-10d">
         <name>.debug_info</name>
         <load_address>0x268a</load_address>
         <run_address>0x268a</run_address>
         <size>0x2f6</size>
         <input_file_ref idref="fl-b"/>
      </object_component>
      <object_component id="oc-e3">
         <name>.debug_info</name>
         <load_address>0x2980</load_address>
         <run_address>0x2980</run_address>
         <size>0x2c4</size>
         <input_file_ref idref="fl-b"/>
      </object_component>
      <object_component id="oc-de">
         <name>.debug_info</name>
         <load_address>0x2c44</load_address>
         <run_address>0x2c44</run_address>
         <size>0x2b6</size>
         <input_file_ref idref="fl-b"/>
      </object_component>
      <object_component id="oc-ea">
         <name>.debug_info</name>
         <load_address>0x2efa</load_address>
         <run_address>0x2efa</run_address>
         <size>0x276</size>
         <input_file_ref idref="fl-b"/>
      </object_component>
      <object_component id="oc-d8">
         <name>.debug_info</name>
         <load_address>0x3170</load_address>
         <run_address>0x3170</run_address>
         <size>0x2b3</size>
         <input_file_ref idref="fl-b"/>
      </object_component>
      <object_component id="oc-14c">
         <name>.debug_info</name>
         <load_address>0x3423</load_address>
         <run_address>0x3423</run_address>
         <size>0x298</size>
         <input_file_ref idref="fl-c"/>
      </object_component>
      <object_component id="oc-f6">
         <name>.debug_info</name>
         <load_address>0x36bb</load_address>
         <run_address>0x36bb</run_address>
         <size>0x27d</size>
         <input_file_ref idref="fl-c"/>
      </object_component>
      <object_component id="oc-fc">
         <name>.debug_info</name>
         <load_address>0x3938</load_address>
         <run_address>0x3938</run_address>
         <size>0x263</size>
         <input_file_ref idref="fl-c"/>
      </object_component>
      <object_component id="oc-f0">
         <name>.debug_info</name>
         <load_address>0x3b9b</load_address>
         <run_address>0x3b9b</run_address>
         <size>0x2db</size>
         <input_file_ref idref="fl-c"/>
      </object_component>
      <object_component id="oc-16c">
         <name>.debug_info</name>
         <load_address>0x3e76</load_address>
         <run_address>0x3e76</run_address>
         <size>0x5f</size>
         <input_file_ref idref="fl-c"/>
      </object_component>
      <object_component id="oc-25">
         <name>.debug_info</name>
         <load_address>0x3ed5</load_address>
         <run_address>0x3ed5</run_address>
         <size>0x160</size>
         <input_file_ref idref="fl-c3"/>
      </object_component>
      <object_component id="oc-86">
         <name>.debug_info</name>
         <load_address>0x4035</load_address>
         <run_address>0x4035</run_address>
         <size>0x293</size>
         <input_file_ref idref="fl-c4"/>
      </object_component>
      <object_component id="oc-15">
         <name>.debug_info</name>
         <load_address>0x42c8</load_address>
         <run_address>0x42c8</run_address>
         <size>0x245</size>
         <input_file_ref idref="fl-c4"/>
      </object_component>
      <object_component id="oc-35">
         <name>.debug_info</name>
         <load_address>0x450d</load_address>
         <run_address>0x450d</run_address>
         <size>0x60</size>
         <input_file_ref idref="fl-c4"/>
      </object_component>
      <object_component id="oc-81">
         <name>.debug_info</name>
         <load_address>0x456d</load_address>
         <run_address>0x456d</run_address>
         <size>0x46</size>
         <input_file_ref idref="fl-c4"/>
      </object_component>
      <object_component id="oc-4a">
         <name>.debug_info</name>
         <load_address>0x45b3</load_address>
         <run_address>0x45b3</run_address>
         <size>0x2da</size>
         <input_file_ref idref="fl-c5"/>
      </object_component>
      <object_component id="oc-19">
         <name>.debug_info</name>
         <load_address>0x488d</load_address>
         <run_address>0x488d</run_address>
         <size>0x1df</size>
         <input_file_ref idref="fl-c5"/>
      </object_component>
      <object_component id="oc-45">
         <name>.debug_info</name>
         <load_address>0x4a6c</load_address>
         <run_address>0x4a6c</run_address>
         <size>0x46</size>
         <input_file_ref idref="fl-c5"/>
      </object_component>
      <object_component id="oc-88">
         <name>.debug_info</name>
         <load_address>0x4ab2</load_address>
         <run_address>0x4ab2</run_address>
         <size>0x2c</size>
         <input_file_ref idref="fl-c5"/>
      </object_component>
      <object_component id="oc-56">
         <name>.debug_info</name>
         <load_address>0x4ade</load_address>
         <run_address>0x4ade</run_address>
         <size>0x2c9</size>
         <input_file_ref idref="fl-c6"/>
      </object_component>
      <object_component id="oc-20">
         <name>.debug_info</name>
         <load_address>0x4da7</load_address>
         <run_address>0x4da7</run_address>
         <size>0x1aa</size>
         <input_file_ref idref="fl-c6"/>
      </object_component>
      <object_component id="oc-51">
         <name>.debug_info</name>
         <load_address>0x4f51</load_address>
         <run_address>0x4f51</run_address>
         <size>0x46</size>
         <input_file_ref idref="fl-c6"/>
      </object_component>
      <object_component id="oc-90">
         <name>.debug_info</name>
         <load_address>0x4f97</load_address>
         <run_address>0x4f97</run_address>
         <size>0x2c</size>
         <input_file_ref idref="fl-c6"/>
      </object_component>
      <object_component id="oc-b6">
         <name>.debug_info</name>
         <load_address>0x4fc3</load_address>
         <run_address>0x4fc3</run_address>
         <size>0x3ce</size>
         <input_file_ref idref="fl-c7"/>
      </object_component>
      <object_component id="oc-b0">
         <name>.debug_info</name>
         <load_address>0x5391</load_address>
         <run_address>0x5391</run_address>
         <size>0x185</size>
         <input_file_ref idref="fl-c7"/>
      </object_component>
      <object_component id="oc-71">
         <name>.debug_info</name>
         <load_address>0x5516</load_address>
         <run_address>0x5516</run_address>
         <size>0x214</size>
         <input_file_ref idref="fl-c7"/>
      </object_component>
      <object_component id="oc-40">
         <name>.debug_info</name>
         <load_address>0x572a</load_address>
         <run_address>0x572a</run_address>
         <size>0x111</size>
         <input_file_ref idref="fl-c8"/>
      </object_component>
      <object_component id="oc-4d">
         <name>.debug_info</name>
         <load_address>0x583b</load_address>
         <run_address>0x583b</run_address>
         <size>0x13f</size>
         <input_file_ref idref="fl-c9"/>
      </object_component>
      <object_component id="oc-59">
         <name>.debug_info</name>
         <load_address>0x597a</load_address>
         <run_address>0x597a</run_address>
         <size>0x138</size>
         <input_file_ref idref="fl-ca"/>
      </object_component>
      <object_component id="oc-5e">
         <name>.debug_info</name>
         <load_address>0x5ab2</load_address>
         <run_address>0x5ab2</run_address>
         <size>0x148</size>
         <input_file_ref idref="fl-cb"/>
      </object_component>
      <object_component id="oc-76">
         <name>.debug_info</name>
         <load_address>0x5bfa</load_address>
         <run_address>0x5bfa</run_address>
         <size>0x109</size>
         <input_file_ref idref="fl-cc"/>
      </object_component>
      <object_component id="oc-133">
         <name>.debug_info</name>
         <load_address>0x5d03</load_address>
         <run_address>0x5d03</run_address>
         <size>0x2be</size>
         <input_file_ref idref="fl-cd"/>
      </object_component>
      <object_component id="oc-b3">
         <name>.debug_info</name>
         <load_address>0x5fc1</load_address>
         <run_address>0x5fc1</run_address>
         <size>0x113</size>
         <input_file_ref idref="fl-cd"/>
      </object_component>
      <object_component id="oc-12f">
         <name>.debug_info</name>
         <load_address>0x60d4</load_address>
         <run_address>0x60d4</run_address>
         <size>0x21f</size>
         <input_file_ref idref="fl-cd"/>
      </object_component>
      <object_component id="oc-ae">
         <name>.debug_info</name>
         <load_address>0x62f3</load_address>
         <run_address>0x62f3</run_address>
         <size>0x300</size>
         <input_file_ref idref="fl-ce"/>
      </object_component>
      <object_component id="oc-6c">
         <name>.debug_info</name>
         <load_address>0x65f3</load_address>
         <run_address>0x65f3</run_address>
         <size>0x167</size>
         <input_file_ref idref="fl-ce"/>
      </object_component>
      <object_component id="oc-124">
         <name>.debug_info</name>
         <load_address>0x675a</load_address>
         <run_address>0x675a</run_address>
         <size>0x5e</size>
         <input_file_ref idref="fl-ce"/>
      </object_component>
      <object_component id="oc-a6">
         <name>.debug_info</name>
         <load_address>0x67b8</load_address>
         <run_address>0x67b8</run_address>
         <size>0x483</size>
         <input_file_ref idref="fl-cf"/>
      </object_component>
      <object_component id="oc-66">
         <name>.debug_info</name>
         <load_address>0x6c3b</load_address>
         <run_address>0x6c3b</run_address>
         <size>0x190</size>
         <input_file_ref idref="fl-cf"/>
      </object_component>
      <object_component id="oc-c6">
         <name>.debug_info</name>
         <load_address>0x6dcb</load_address>
         <run_address>0x6dcb</run_address>
         <size>0x39</size>
         <input_file_ref idref="fl-cf"/>
      </object_component>
      <object_component id="oc-13e">
         <name>.debug_info</name>
         <load_address>0x6e04</load_address>
         <run_address>0x6e04</run_address>
         <size>0x39</size>
         <input_file_ref idref="fl-cf"/>
      </object_component>
      <object_component id="oc-cb">
         <name>.debug_info</name>
         <load_address>0x6e3d</load_address>
         <run_address>0x6e3d</run_address>
         <size>0xcd</size>
         <input_file_ref idref="fl-cf"/>
      </object_component>
      <object_component id="oc-c2">
         <name>.debug_info</name>
         <load_address>0x6f0a</load_address>
         <run_address>0x6f0a</run_address>
         <size>0x37a</size>
         <input_file_ref idref="fl-d0"/>
      </object_component>
      <object_component id="oc-9b">
         <name>.debug_info</name>
         <load_address>0x7284</load_address>
         <run_address>0x7284</run_address>
         <size>0x183</size>
         <input_file_ref idref="fl-d0"/>
      </object_component>
      <object_component id="oc-139">
         <name>.debug_info</name>
         <load_address>0x7407</load_address>
         <run_address>0x7407</run_address>
         <size>0x2c</size>
         <input_file_ref idref="fl-d0"/>
      </object_component>
      <object_component id="oc-a2">
         <name>.debug_info</name>
         <load_address>0x7433</load_address>
         <run_address>0x7433</run_address>
         <size>0x145</size>
         <input_file_ref idref="fl-d1"/>
      </object_component>
      <object_component id="oc-199">
         <name>.debug_info</name>
         <load_address>0x7578</load_address>
         <run_address>0x7578</run_address>
         <size>0x9f</size>
      </object_component>
      <object_component id="oc-162">
         <name>.debug_line</name>
         <load_address>0x0</load_address>
         <run_address>0x0</run_address>
         <size>0xd0</size>
         <input_file_ref idref="fl-2"/>
      </object_component>
      <object_component id="oc-ab">
         <name>.debug_line</name>
         <load_address>0xd0</load_address>
         <run_address>0xd0</run_address>
         <size>0x114</size>
         <input_file_ref idref="fl-2"/>
      </object_component>
      <object_component id="oc-bd">
         <name>.debug_line</name>
         <load_address>0x1e4</load_address>
         <run_address>0x1e4</run_address>
         <size>0x20</size>
         <input_file_ref idref="fl-2"/>
      </object_component>
      <object_component id="oc-7f">
         <name>.debug_line</name>
         <load_address>0x204</load_address>
         <run_address>0x204</run_address>
         <size>0x65</size>
         <input_file_ref idref="fl-2"/>
      </object_component>
      <object_component id="oc-7b">
         <name>.debug_line</name>
         <load_address>0x269</load_address>
         <run_address>0x269</run_address>
         <size>0x41</size>
         <input_file_ref idref="fl-3"/>
      </object_component>
      <object_component id="oc-32">
         <name>.debug_line</name>
         <load_address>0x2aa</load_address>
         <run_address>0x2aa</run_address>
         <size>0x41</size>
         <input_file_ref idref="fl-3"/>
      </object_component>
      <object_component id="oc-2d">
         <name>.debug_line</name>
         <load_address>0x2eb</load_address>
         <run_address>0x2eb</run_address>
         <size>0xa1</size>
         <input_file_ref idref="fl-3"/>
      </object_component>
      <object_component id="oc-3d">
         <name>.debug_line</name>
         <load_address>0x38c</load_address>
         <run_address>0x38c</run_address>
         <size>0x20</size>
         <input_file_ref idref="fl-3"/>
      </object_component>
      <object_component id="oc-167">
         <name>.debug_line</name>
         <load_address>0x3ac</load_address>
         <run_address>0x3ac</run_address>
         <size>0x82</size>
         <input_file_ref idref="fl-9"/>
      </object_component>
      <object_component id="oc-174">
         <name>.debug_line</name>
         <load_address>0x42e</load_address>
         <run_address>0x42e</run_address>
         <size>0x7d</size>
         <input_file_ref idref="fl-9"/>
      </object_component>
      <object_component id="oc-d4">
         <name>.debug_line</name>
         <load_address>0x4ab</load_address>
         <run_address>0x4ab</run_address>
         <size>0x92</size>
         <input_file_ref idref="fl-9"/>
      </object_component>
      <object_component id="oc-153">
         <name>.debug_line</name>
         <load_address>0x53d</load_address>
         <run_address>0x53d</run_address>
         <size>0x95</size>
         <input_file_ref idref="fl-9"/>
      </object_component>
      <object_component id="oc-159">
         <name>.debug_line</name>
         <load_address>0x5d2</load_address>
         <run_address>0x5d2</run_address>
         <size>0xd1</size>
         <input_file_ref idref="fl-9"/>
      </object_component>
      <object_component id="oc-104">
         <name>.debug_line</name>
         <load_address>0x6a3</load_address>
         <run_address>0x6a3</run_address>
         <size>0x93</size>
         <input_file_ref idref="fl-9"/>
      </object_component>
      <object_component id="oc-10a">
         <name>.debug_line</name>
         <load_address>0x736</load_address>
         <run_address>0x736</run_address>
         <size>0xa7</size>
         <input_file_ref idref="fl-9"/>
      </object_component>
      <object_component id="oc-169">
         <name>.debug_line</name>
         <load_address>0x7dd</load_address>
         <run_address>0x7dd</run_address>
         <size>0x82</size>
         <input_file_ref idref="fl-b"/>
      </object_component>
      <object_component id="oc-110">
         <name>.debug_line</name>
         <load_address>0x85f</load_address>
         <run_address>0x85f</run_address>
         <size>0x9e</size>
         <input_file_ref idref="fl-b"/>
      </object_component>
      <object_component id="oc-e6">
         <name>.debug_line</name>
         <load_address>0x8fd</load_address>
         <run_address>0x8fd</run_address>
         <size>0x95</size>
         <input_file_ref idref="fl-b"/>
      </object_component>
      <object_component id="oc-e1">
         <name>.debug_line</name>
         <load_address>0x992</load_address>
         <run_address>0x992</run_address>
         <size>0x96</size>
         <input_file_ref idref="fl-b"/>
      </object_component>
      <object_component id="oc-ed">
         <name>.debug_line</name>
         <load_address>0xa28</load_address>
         <run_address>0xa28</run_address>
         <size>0x91</size>
         <input_file_ref idref="fl-b"/>
      </object_component>
      <object_component id="oc-db">
         <name>.debug_line</name>
         <load_address>0xab9</load_address>
         <run_address>0xab9</run_address>
         <size>0x9b</size>
         <input_file_ref idref="fl-b"/>
      </object_component>
      <object_component id="oc-16b">
         <name>.debug_line</name>
         <load_address>0xb54</load_address>
         <run_address>0xb54</run_address>
         <size>0x13d</size>
         <input_file_ref idref="fl-c"/>
      </object_component>
      <object_component id="oc-f8">
         <name>.debug_line</name>
         <load_address>0xc91</load_address>
         <run_address>0xc91</run_address>
         <size>0x94</size>
         <input_file_ref idref="fl-c"/>
      </object_component>
      <object_component id="oc-fe">
         <name>.debug_line</name>
         <load_address>0xd25</load_address>
         <run_address>0xd25</run_address>
         <size>0x94</size>
         <input_file_ref idref="fl-c"/>
      </object_component>
      <object_component id="oc-f2">
         <name>.debug_line</name>
         <load_address>0xdb9</load_address>
         <run_address>0xdb9</run_address>
         <size>0xee</size>
         <input_file_ref idref="fl-c"/>
      </object_component>
      <object_component id="oc-16f">
         <name>.debug_line</name>
         <load_address>0xea7</load_address>
         <run_address>0xea7</run_address>
         <size>0x7f</size>
         <input_file_ref idref="fl-c"/>
      </object_component>
      <object_component id="oc-28">
         <name>.debug_line</name>
         <load_address>0xf26</load_address>
         <run_address>0xf26</run_address>
         <size>0x53</size>
         <input_file_ref idref="fl-c3"/>
      </object_component>
      <object_component id="oc-c0">
         <name>.debug_line</name>
         <load_address>0xf79</load_address>
         <run_address>0xf79</run_address>
         <size>0x20</size>
         <input_file_ref idref="fl-c4"/>
      </object_component>
      <object_component id="oc-13">
         <name>.debug_line</name>
         <load_address>0xf99</load_address>
         <run_address>0xf99</run_address>
         <size>0xa9</size>
         <input_file_ref idref="fl-c4"/>
      </object_component>
      <object_component id="oc-38">
         <name>.debug_line</name>
         <load_address>0x1042</load_address>
         <run_address>0x1042</run_address>
         <size>0x3a</size>
         <input_file_ref idref="fl-c4"/>
      </object_component>
      <object_component id="oc-84">
         <name>.debug_line</name>
         <load_address>0x107c</load_address>
         <run_address>0x107c</run_address>
         <size>0x8a</size>
         <input_file_ref idref="fl-c4"/>
      </object_component>
      <object_component id="oc-8e">
         <name>.debug_line</name>
         <load_address>0x1106</load_address>
         <run_address>0x1106</run_address>
         <size>0x8a</size>
         <input_file_ref idref="fl-c5"/>
      </object_component>
      <object_component id="oc-1c">
         <name>.debug_line</name>
         <load_address>0x1190</load_address>
         <run_address>0x1190</run_address>
         <size>0x55</size>
         <input_file_ref idref="fl-c5"/>
      </object_component>
      <object_component id="oc-48">
         <name>.debug_line</name>
         <load_address>0x11e5</load_address>
         <run_address>0x11e5</run_address>
         <size>0x3a</size>
         <input_file_ref idref="fl-c5"/>
      </object_component>
      <object_component id="oc-8b">
         <name>.debug_line</name>
         <load_address>0x121f</load_address>
         <run_address>0x121f</run_address>
         <size>0x8a</size>
         <input_file_ref idref="fl-c5"/>
      </object_component>
      <object_component id="oc-96">
         <name>.debug_line</name>
         <load_address>0x12a9</load_address>
         <run_address>0x12a9</run_address>
         <size>0x8a</size>
         <input_file_ref idref="fl-c6"/>
      </object_component>
      <object_component id="oc-23">
         <name>.debug_line</name>
         <load_address>0x1333</load_address>
         <run_address>0x1333</run_address>
         <size>0x4f</size>
         <input_file_ref idref="fl-c6"/>
      </object_component>
      <object_component id="oc-54">
         <name>.debug_line</name>
         <load_address>0x1382</load_address>
         <run_address>0x1382</run_address>
         <size>0x34</size>
         <input_file_ref idref="fl-c6"/>
      </object_component>
      <object_component id="oc-93">
         <name>.debug_line</name>
         <load_address>0x13b6</load_address>
         <run_address>0x13b6</run_address>
         <size>0x8a</size>
         <input_file_ref idref="fl-c6"/>
      </object_component>
      <object_component id="oc-136">
         <name>.debug_line</name>
         <load_address>0x1440</load_address>
         <run_address>0x1440</run_address>
         <size>0xf2</size>
         <input_file_ref idref="fl-c7"/>
      </object_component>
      <object_component id="oc-12a">
         <name>.debug_line</name>
         <load_address>0x1532</load_address>
         <run_address>0x1532</run_address>
         <size>0x2a</size>
         <input_file_ref idref="fl-c7"/>
      </object_component>
      <object_component id="oc-73">
         <name>.debug_line</name>
         <load_address>0x155c</load_address>
         <run_address>0x155c</run_address>
         <size>0x86</size>
         <input_file_ref idref="fl-c7"/>
      </object_component>
      <object_component id="oc-43">
         <name>.debug_line</name>
         <load_address>0x15e2</load_address>
         <run_address>0x15e2</run_address>
         <size>0x88</size>
         <input_file_ref idref="fl-c8"/>
      </object_component>
      <object_component id="oc-4c">
         <name>.debug_line</name>
         <load_address>0x166a</load_address>
         <run_address>0x166a</run_address>
         <size>0x79</size>
         <input_file_ref idref="fl-c9"/>
      </object_component>
      <object_component id="oc-5c">
         <name>.debug_line</name>
         <load_address>0x16e3</load_address>
         <run_address>0x16e3</run_address>
         <size>0x3d</size>
         <input_file_ref idref="fl-ca"/>
      </object_component>
      <object_component id="oc-61">
         <name>.debug_line</name>
         <load_address>0x1720</load_address>
         <run_address>0x1720</run_address>
         <size>0x40</size>
         <input_file_ref idref="fl-cb"/>
      </object_component>
      <object_component id="oc-b9">
         <name>.debug_line</name>
         <load_address>0x1760</load_address>
         <run_address>0x1760</run_address>
         <size>0x33</size>
         <input_file_ref idref="fl-cc"/>
      </object_component>
      <object_component id="oc-165">
         <name>.debug_line</name>
         <load_address>0x1793</load_address>
         <run_address>0x1793</run_address>
         <size>0x20</size>
         <input_file_ref idref="fl-cd"/>
      </object_component>
      <object_component id="oc-132">
         <name>.debug_line</name>
         <load_address>0x17b3</load_address>
         <run_address>0x17b3</run_address>
         <size>0x2b</size>
         <input_file_ref idref="fl-cd"/>
      </object_component>
      <object_component id="oc-12e">
         <name>.debug_line</name>
         <load_address>0x17de</load_address>
         <run_address>0x17de</run_address>
         <size>0x68</size>
         <input_file_ref idref="fl-cd"/>
      </object_component>
      <object_component id="oc-123">
         <name>.debug_line</name>
         <load_address>0x1846</load_address>
         <run_address>0x1846</run_address>
         <size>0x2b</size>
         <input_file_ref idref="fl-ce"/>
      </object_component>
      <object_component id="oc-6a">
         <name>.debug_line</name>
         <load_address>0x1871</load_address>
         <run_address>0x1871</run_address>
         <size>0x4a</size>
         <input_file_ref idref="fl-ce"/>
      </object_component>
      <object_component id="oc-127">
         <name>.debug_line</name>
         <load_address>0x18bb</load_address>
         <run_address>0x18bb</run_address>
         <size>0x2b</size>
         <input_file_ref idref="fl-ce"/>
      </object_component>
      <object_component id="oc-c5">
         <name>.debug_line</name>
         <load_address>0x18e6</load_address>
         <run_address>0x18e6</run_address>
         <size>0xa9</size>
         <input_file_ref idref="fl-cf"/>
      </object_component>
      <object_component id="oc-64">
         <name>.debug_line</name>
         <load_address>0x198f</load_address>
         <run_address>0x198f</run_address>
         <size>0x8b</size>
         <input_file_ref idref="fl-cf"/>
      </object_component>
      <object_component id="oc-c9">
         <name>.debug_line</name>
         <load_address>0x1a1a</load_address>
         <run_address>0x1a1a</run_address>
         <size>0x2e</size>
         <input_file_ref idref="fl-cf"/>
      </object_component>
      <object_component id="oc-141">
         <name>.debug_line</name>
         <load_address>0x1a48</load_address>
         <run_address>0x1a48</run_address>
         <size>0x8a</size>
         <input_file_ref idref="fl-cf"/>
      </object_component>
      <object_component id="oc-ce">
         <name>.debug_line</name>
         <load_address>0x1ad2</load_address>
         <run_address>0x1ad2</run_address>
         <size>0x8b</size>
         <input_file_ref idref="fl-cf"/>
      </object_component>
      <object_component id="oc-138">
         <name>.debug_line</name>
         <load_address>0x1b5d</load_address>
         <run_address>0x1b5d</run_address>
         <size>0x98</size>
         <input_file_ref idref="fl-d0"/>
      </object_component>
      <object_component id="oc-9e">
         <name>.debug_line</name>
         <load_address>0x1bf5</load_address>
         <run_address>0x1bf5</run_address>
         <size>0x68</size>
         <input_file_ref idref="fl-d0"/>
      </object_component>
      <object_component id="oc-13c">
         <name>.debug_line</name>
         <load_address>0x1c5d</load_address>
         <run_address>0x1c5d</run_address>
         <size>0x2e</size>
         <input_file_ref idref="fl-d0"/>
      </object_component>
      <object_component id="oc-a0">
         <name>.debug_line</name>
         <load_address>0x1c8b</load_address>
         <run_address>0x1c8b</run_address>
         <size>0x3c</size>
         <input_file_ref idref="fl-d1"/>
      </object_component>
      <object_component id="oc-ac">
         <name>.debug_frame</name>
         <load_address>0x0</load_address>
         <run_address>0x0</run_address>
         <size>0xbc</size>
         <input_file_ref idref="fl-2"/>
      </object_component>
      <object_component id="oc-30">
         <name>.debug_frame</name>
         <load_address>0xbc</load_address>
         <run_address>0xbc</run_address>
         <size>0x84</size>
         <input_file_ref idref="fl-3"/>
      </object_component>
      <object_component id="oc-d5">
         <name>.debug_frame</name>
         <load_address>0x140</load_address>
         <run_address>0x140</run_address>
         <size>0x7f</size>
         <input_file_ref idref="fl-9"/>
      </object_component>
      <object_component id="oc-154">
         <name>.debug_frame</name>
         <load_address>0x1bf</load_address>
         <run_address>0x1bf</run_address>
         <size>0x7f</size>
         <input_file_ref idref="fl-9"/>
      </object_component>
      <object_component id="oc-15a">
         <name>.debug_frame</name>
         <load_address>0x23e</load_address>
         <run_address>0x23e</run_address>
         <size>0x8f</size>
         <input_file_ref idref="fl-9"/>
      </object_component>
      <object_component id="oc-105">
         <name>.debug_frame</name>
         <load_address>0x2cd</load_address>
         <run_address>0x2cd</run_address>
         <size>0x86</size>
         <input_file_ref idref="fl-9"/>
      </object_component>
      <object_component id="oc-10b">
         <name>.debug_frame</name>
         <load_address>0x353</load_address>
         <run_address>0x353</run_address>
         <size>0x86</size>
         <input_file_ref idref="fl-9"/>
      </object_component>
      <object_component id="oc-111">
         <name>.debug_frame</name>
         <load_address>0x3d9</load_address>
         <run_address>0x3d9</run_address>
         <size>0x7f</size>
         <input_file_ref idref="fl-b"/>
      </object_component>
      <object_component id="oc-e7">
         <name>.debug_frame</name>
         <load_address>0x458</load_address>
         <run_address>0x458</run_address>
         <size>0x7f</size>
         <input_file_ref idref="fl-b"/>
      </object_component>
      <object_component id="oc-dd">
         <name>.debug_frame</name>
         <load_address>0x4d7</load_address>
         <run_address>0x4d7</run_address>
         <size>0x7f</size>
         <input_file_ref idref="fl-b"/>
      </object_component>
      <object_component id="oc-e9">
         <name>.debug_frame</name>
         <load_address>0x556</load_address>
         <run_address>0x556</run_address>
         <size>0x7f</size>
         <input_file_ref idref="fl-b"/>
      </object_component>
      <object_component id="oc-d7">
         <name>.debug_frame</name>
         <load_address>0x5d5</load_address>
         <run_address>0x5d5</run_address>
         <size>0x7f</size>
         <input_file_ref idref="fl-b"/>
      </object_component>
      <object_component id="oc-f9">
         <name>.debug_frame</name>
         <load_address>0x654</load_address>
         <run_address>0x654</run_address>
         <size>0x7f</size>
         <input_file_ref idref="fl-c"/>
      </object_component>
      <object_component id="oc-ff">
         <name>.debug_frame</name>
         <load_address>0x6d3</load_address>
         <run_address>0x6d3</run_address>
         <size>0x7f</size>
         <input_file_ref idref="fl-c"/>
      </object_component>
      <object_component id="oc-f3">
         <name>.debug_frame</name>
         <load_address>0x752</load_address>
         <run_address>0x752</run_address>
         <size>0x93</size>
         <input_file_ref idref="fl-c"/>
      </object_component>
      <object_component id="oc-14">
         <name>.debug_frame</name>
         <load_address>0x7e5</load_address>
         <run_address>0x7e5</run_address>
         <size>0x60</size>
         <input_file_ref idref="fl-c4"/>
      </object_component>
      <object_component id="oc-1d">
         <name>.debug_frame</name>
         <load_address>0x845</load_address>
         <run_address>0x845</run_address>
         <size>0x51</size>
         <input_file_ref idref="fl-c5"/>
      </object_component>
      <object_component id="oc-22">
         <name>.debug_frame</name>
         <load_address>0x896</load_address>
         <run_address>0x896</run_address>
         <size>0x51</size>
         <input_file_ref idref="fl-c6"/>
      </object_component>
      <object_component id="oc-74">
         <name>.debug_frame</name>
         <load_address>0x8e7</load_address>
         <run_address>0x8e7</run_address>
         <size>0x85</size>
         <input_file_ref idref="fl-c7"/>
      </object_component>
      <object_component id="oc-58">
         <name>.debug_frame</name>
         <load_address>0x96c</load_address>
         <run_address>0x96c</run_address>
         <size>0x51</size>
         <input_file_ref idref="fl-ca"/>
      </object_component>
      <object_component id="oc-62">
         <name>.debug_frame</name>
         <load_address>0x9bd</load_address>
         <run_address>0x9bd</run_address>
         <size>0x51</size>
         <input_file_ref idref="fl-cb"/>
      </object_component>
      <object_component id="oc-12d">
         <name>.debug_frame</name>
         <load_address>0xa0e</load_address>
         <run_address>0xa0e</run_address>
         <size>0x73</size>
         <input_file_ref idref="fl-cd"/>
      </object_component>
      <object_component id="oc-6e">
         <name>.debug_frame</name>
         <load_address>0xa81</load_address>
         <run_address>0xa81</run_address>
         <size>0x51</size>
         <input_file_ref idref="fl-ce"/>
      </object_component>
      <object_component id="oc-65">
         <name>.debug_frame</name>
         <load_address>0xad2</load_address>
         <run_address>0xad2</run_address>
         <size>0x5c</size>
         <input_file_ref idref="fl-cf"/>
      </object_component>
      <object_component id="oc-9a">
         <name>.debug_frame</name>
         <load_address>0xb2e</load_address>
         <run_address>0xb2e</run_address>
         <size>0x60</size>
         <input_file_ref idref="fl-d0"/>
      </object_component>
      <object_component id="oc-a1">
         <name>.debug_frame</name>
         <load_address>0xb8e</load_address>
         <run_address>0xb8e</run_address>
         <size>0x51</size>
         <input_file_ref idref="fl-d1"/>
      </object_component>
      <object_component id="oc-161">
         <name>.debug_abbrev</name>
         <load_address>0x0</load_address>
         <run_address>0x0</run_address>
         <size>0x6e</size>
         <input_file_ref idref="fl-2"/>
      </object_component>
      <object_component id="oc-121">
         <name>.debug_abbrev</name>
         <load_address>0x6e</load_address>
         <run_address>0x6e</run_address>
         <size>0xa9</size>
         <input_file_ref idref="fl-2"/>
      </object_component>
      <object_component id="oc-bc">
         <name>.debug_abbrev</name>
         <load_address>0x117</load_address>
         <run_address>0x117</run_address>
         <size>0x1f</size>
         <input_file_ref idref="fl-2"/>
      </object_component>
      <object_component id="oc-7e">
         <name>.debug_abbrev</name>
         <load_address>0x136</load_address>
         <run_address>0x136</run_address>
         <size>0x35</size>
         <input_file_ref idref="fl-2"/>
      </object_component>
      <object_component id="oc-7a">
         <name>.debug_abbrev</name>
         <load_address>0x16b</load_address>
         <run_address>0x16b</run_address>
         <size>0x5f</size>
         <input_file_ref idref="fl-3"/>
      </object_component>
      <object_component id="oc-31">
         <name>.debug_abbrev</name>
         <load_address>0x1ca</load_address>
         <run_address>0x1ca</run_address>
         <size>0x29</size>
         <input_file_ref idref="fl-3"/>
      </object_component>
      <object_component id="oc-79">
         <name>.debug_abbrev</name>
         <load_address>0x1f3</load_address>
         <run_address>0x1f3</run_address>
         <size>0x79</size>
         <input_file_ref idref="fl-3"/>
      </object_component>
      <object_component id="oc-3c">
         <name>.debug_abbrev</name>
         <load_address>0x26c</load_address>
         <run_address>0x26c</run_address>
         <size>0x1f</size>
         <input_file_ref idref="fl-3"/>
      </object_component>
      <object_component id="oc-166">
         <name>.debug_abbrev</name>
         <load_address>0x28b</load_address>
         <run_address>0x28b</run_address>
         <size>0x72</size>
         <input_file_ref idref="fl-9"/>
      </object_component>
      <object_component id="oc-173">
         <name>.debug_abbrev</name>
         <load_address>0x2fd</load_address>
         <run_address>0x2fd</run_address>
         <size>0x27</size>
         <input_file_ref idref="fl-9"/>
      </object_component>
      <object_component id="oc-143">
         <name>.debug_abbrev</name>
         <load_address>0x324</load_address>
         <run_address>0x324</run_address>
         <size>0x6c</size>
         <input_file_ref idref="fl-9"/>
      </object_component>
      <object_component id="oc-171">
         <name>.debug_abbrev</name>
         <load_address>0x390</load_address>
         <run_address>0x390</run_address>
         <size>0x6c</size>
         <input_file_ref idref="fl-9"/>
      </object_component>
      <object_component id="oc-172">
         <name>.debug_abbrev</name>
         <load_address>0x3fc</load_address>
         <run_address>0x3fc</run_address>
         <size>0x6c</size>
         <input_file_ref idref="fl-9"/>
      </object_component>
      <object_component id="oc-15b">
         <name>.debug_abbrev</name>
         <load_address>0x468</load_address>
         <run_address>0x468</run_address>
         <size>0x6c</size>
         <input_file_ref idref="fl-9"/>
      </object_component>
      <object_component id="oc-15f">
         <name>.debug_abbrev</name>
         <load_address>0x4d4</load_address>
         <run_address>0x4d4</run_address>
         <size>0x6c</size>
         <input_file_ref idref="fl-9"/>
      </object_component>
      <object_component id="oc-168">
         <name>.debug_abbrev</name>
         <load_address>0x540</load_address>
         <run_address>0x540</run_address>
         <size>0x5e</size>
         <input_file_ref idref="fl-b"/>
      </object_component>
      <object_component id="oc-160">
         <name>.debug_abbrev</name>
         <load_address>0x59e</load_address>
         <run_address>0x59e</run_address>
         <size>0x6c</size>
         <input_file_ref idref="fl-b"/>
      </object_component>
      <object_component id="oc-148">
         <name>.debug_abbrev</name>
         <load_address>0x60a</load_address>
         <run_address>0x60a</run_address>
         <size>0x6c</size>
         <input_file_ref idref="fl-b"/>
      </object_component>
      <object_component id="oc-147">
         <name>.debug_abbrev</name>
         <load_address>0x676</load_address>
         <run_address>0x676</run_address>
         <size>0x6c</size>
         <input_file_ref idref="fl-b"/>
      </object_component>
      <object_component id="oc-149">
         <name>.debug_abbrev</name>
         <load_address>0x6e2</load_address>
         <run_address>0x6e2</run_address>
         <size>0x6c</size>
         <input_file_ref idref="fl-b"/>
      </object_component>
      <object_component id="oc-145">
         <name>.debug_abbrev</name>
         <load_address>0x74e</load_address>
         <run_address>0x74e</run_address>
         <size>0x6c</size>
         <input_file_ref idref="fl-b"/>
      </object_component>
      <object_component id="oc-16a">
         <name>.debug_abbrev</name>
         <load_address>0x7ba</load_address>
         <run_address>0x7ba</run_address>
         <size>0xb0</size>
         <input_file_ref idref="fl-c"/>
      </object_component>
      <object_component id="oc-14d">
         <name>.debug_abbrev</name>
         <load_address>0x86a</load_address>
         <run_address>0x86a</run_address>
         <size>0x6c</size>
         <input_file_ref idref="fl-c"/>
      </object_component>
      <object_component id="oc-14e">
         <name>.debug_abbrev</name>
         <load_address>0x8d6</load_address>
         <run_address>0x8d6</run_address>
         <size>0x6c</size>
         <input_file_ref idref="fl-c"/>
      </object_component>
      <object_component id="oc-14b">
         <name>.debug_abbrev</name>
         <load_address>0x942</load_address>
         <run_address>0x942</run_address>
         <size>0x7a</size>
         <input_file_ref idref="fl-c"/>
      </object_component>
      <object_component id="oc-16e">
         <name>.debug_abbrev</name>
         <load_address>0x9bc</load_address>
         <run_address>0x9bc</run_address>
         <size>0x49</size>
         <input_file_ref idref="fl-c"/>
      </object_component>
      <object_component id="oc-78">
         <name>.debug_abbrev</name>
         <load_address>0xa05</load_address>
         <run_address>0xa05</run_address>
         <size>0x3e</size>
         <input_file_ref idref="fl-c3"/>
      </object_component>
      <object_component id="oc-bf">
         <name>.debug_abbrev</name>
         <load_address>0xa43</load_address>
         <run_address>0xa43</run_address>
         <size>0x37</size>
         <input_file_ref idref="fl-c4"/>
      </object_component>
      <object_component id="oc-34">
         <name>.debug_abbrev</name>
         <load_address>0xa7a</load_address>
         <run_address>0xa7a</run_address>
         <size>0x6f</size>
         <input_file_ref idref="fl-c4"/>
      </object_component>
      <object_component id="oc-37">
         <name>.debug_abbrev</name>
         <load_address>0xae9</load_address>
         <run_address>0xae9</run_address>
         <size>0x24</size>
         <input_file_ref idref="fl-c4"/>
      </object_component>
      <object_component id="oc-83">
         <name>.debug_abbrev</name>
         <load_address>0xb0d</load_address>
         <run_address>0xb0d</run_address>
         <size>0x35</size>
         <input_file_ref idref="fl-c4"/>
      </object_component>
      <object_component id="oc-8d">
         <name>.debug_abbrev</name>
         <load_address>0xb42</load_address>
         <run_address>0xb42</run_address>
         <size>0x5d</size>
         <input_file_ref idref="fl-c5"/>
      </object_component>
      <object_component id="oc-44">
         <name>.debug_abbrev</name>
         <load_address>0xb9f</load_address>
         <run_address>0xb9f</run_address>
         <size>0x74</size>
         <input_file_ref idref="fl-c5"/>
      </object_component>
      <object_component id="oc-47">
         <name>.debug_abbrev</name>
         <load_address>0xc13</load_address>
         <run_address>0xc13</run_address>
         <size>0x24</size>
         <input_file_ref idref="fl-c5"/>
      </object_component>
      <object_component id="oc-8a">
         <name>.debug_abbrev</name>
         <load_address>0xc37</load_address>
         <run_address>0xc37</run_address>
         <size>0x24</size>
         <input_file_ref idref="fl-c5"/>
      </object_component>
      <object_component id="oc-95">
         <name>.debug_abbrev</name>
         <load_address>0xc5b</load_address>
         <run_address>0xc5b</run_address>
         <size>0x5d</size>
         <input_file_ref idref="fl-c6"/>
      </object_component>
      <object_component id="oc-50">
         <name>.debug_abbrev</name>
         <load_address>0xcb8</load_address>
         <run_address>0xcb8</run_address>
         <size>0x74</size>
         <input_file_ref idref="fl-c6"/>
      </object_component>
      <object_component id="oc-53">
         <name>.debug_abbrev</name>
         <load_address>0xd2c</load_address>
         <run_address>0xd2c</run_address>
         <size>0x24</size>
         <input_file_ref idref="fl-c6"/>
      </object_component>
      <object_component id="oc-92">
         <name>.debug_abbrev</name>
         <load_address>0xd50</load_address>
         <run_address>0xd50</run_address>
         <size>0x24</size>
         <input_file_ref idref="fl-c6"/>
      </object_component>
      <object_component id="oc-135">
         <name>.debug_abbrev</name>
         <load_address>0xd74</load_address>
         <run_address>0xd74</run_address>
         <size>0xb3</size>
         <input_file_ref idref="fl-c7"/>
      </object_component>
      <object_component id="oc-129">
         <name>.debug_abbrev</name>
         <load_address>0xe27</load_address>
         <run_address>0xe27</run_address>
         <size>0x29</size>
         <input_file_ref idref="fl-c7"/>
      </object_component>
      <object_component id="oc-b5">
         <name>.debug_abbrev</name>
         <load_address>0xe50</load_address>
         <run_address>0xe50</run_address>
         <size>0xba</size>
         <input_file_ref idref="fl-c7"/>
      </object_component>
      <object_component id="oc-87">
         <name>.debug_abbrev</name>
         <load_address>0xf0a</load_address>
         <run_address>0xf0a</run_address>
         <size>0x3e</size>
         <input_file_ref idref="fl-c8"/>
      </object_component>
      <object_component id="oc-8f">
         <name>.debug_abbrev</name>
         <load_address>0xf48</load_address>
         <run_address>0xf48</run_address>
         <size>0x4f</size>
         <input_file_ref idref="fl-c9"/>
      </object_component>
      <object_component id="oc-97">
         <name>.debug_abbrev</name>
         <load_address>0xf97</load_address>
         <run_address>0xf97</run_address>
         <size>0x53</size>
         <input_file_ref idref="fl-ca"/>
      </object_component>
      <object_component id="oc-98">
         <name>.debug_abbrev</name>
         <load_address>0xfea</load_address>
         <run_address>0xfea</run_address>
         <size>0x55</size>
         <input_file_ref idref="fl-cb"/>
      </object_component>
      <object_component id="oc-b8">
         <name>.debug_abbrev</name>
         <load_address>0x103f</load_address>
         <run_address>0x103f</run_address>
         <size>0x27</size>
         <input_file_ref idref="fl-cc"/>
      </object_component>
      <object_component id="oc-164">
         <name>.debug_abbrev</name>
         <load_address>0x1066</load_address>
         <run_address>0x1066</run_address>
         <size>0x50</size>
         <input_file_ref idref="fl-cd"/>
      </object_component>
      <object_component id="oc-131">
         <name>.debug_abbrev</name>
         <load_address>0x10b6</load_address>
         <run_address>0x10b6</run_address>
         <size>0x29</size>
         <input_file_ref idref="fl-cd"/>
      </object_component>
      <object_component id="oc-163">
         <name>.debug_abbrev</name>
         <load_address>0x10df</load_address>
         <run_address>0x10df</run_address>
         <size>0x6f</size>
         <input_file_ref idref="fl-cd"/>
      </object_component>
      <object_component id="oc-122">
         <name>.debug_abbrev</name>
         <load_address>0x114e</load_address>
         <run_address>0x114e</run_address>
         <size>0x99</size>
         <input_file_ref idref="fl-ce"/>
      </object_component>
      <object_component id="oc-ad">
         <name>.debug_abbrev</name>
         <load_address>0x11e7</load_address>
         <run_address>0x11e7</run_address>
         <size>0x68</size>
         <input_file_ref idref="fl-ce"/>
      </object_component>
      <object_component id="oc-126">
         <name>.debug_abbrev</name>
         <load_address>0x124f</load_address>
         <run_address>0x124f</run_address>
         <size>0x49</size>
         <input_file_ref idref="fl-ce"/>
      </object_component>
      <object_component id="oc-c4">
         <name>.debug_abbrev</name>
         <load_address>0x1298</load_address>
         <run_address>0x1298</run_address>
         <size>0xb9</size>
         <input_file_ref idref="fl-cf"/>
      </object_component>
      <object_component id="oc-a5">
         <name>.debug_abbrev</name>
         <load_address>0x1351</load_address>
         <run_address>0x1351</run_address>
         <size>0x7e</size>
         <input_file_ref idref="fl-cf"/>
      </object_component>
      <object_component id="oc-c8">
         <name>.debug_abbrev</name>
         <load_address>0x13cf</load_address>
         <run_address>0x13cf</run_address>
         <size>0x24</size>
         <input_file_ref idref="fl-cf"/>
      </object_component>
      <object_component id="oc-140">
         <name>.debug_abbrev</name>
         <load_address>0x13f3</load_address>
         <run_address>0x13f3</run_address>
         <size>0x24</size>
         <input_file_ref idref="fl-cf"/>
      </object_component>
      <object_component id="oc-cd">
         <name>.debug_abbrev</name>
         <load_address>0x1417</load_address>
         <run_address>0x1417</run_address>
         <size>0x4b</size>
         <input_file_ref idref="fl-cf"/>
      </object_component>
      <object_component id="oc-137">
         <name>.debug_abbrev</name>
         <load_address>0x1462</load_address>
         <run_address>0x1462</run_address>
         <size>0xa7</size>
         <input_file_ref idref="fl-d0"/>
      </object_component>
      <object_component id="oc-c1">
         <name>.debug_abbrev</name>
         <load_address>0x1509</load_address>
         <run_address>0x1509</run_address>
         <size>0x8c</size>
         <input_file_ref idref="fl-d0"/>
      </object_component>
      <object_component id="oc-13b">
         <name>.debug_abbrev</name>
         <load_address>0x1595</load_address>
         <run_address>0x1595</run_address>
         <size>0x24</size>
         <input_file_ref idref="fl-d0"/>
      </object_component>
      <object_component id="oc-c3">
         <name>.debug_abbrev</name>
         <load_address>0x15b9</load_address>
         <run_address>0x15b9</run_address>
         <size>0x53</size>
         <input_file_ref idref="fl-d1"/>
      </object_component>
      <object_component id="oc-19a">
         <name>.debug_abbrev</name>
         <load_address>0x160c</load_address>
         <run_address>0x160c</run_address>
         <size>0xf</size>
      </object_component>
      <object_component id="oc-be">
         <name>.debug_str</name>
         <load_address>0x0</load_address>
         <run_address>0x0</run_address>
         <size>0xfa</size>
         <input_file_ref idref="fl-2"/>
      </object_component>
      <object_component id="oc-80">
         <name>.debug_str</name>
         <load_address>0xfa</load_address>
         <run_address>0xfa</run_address>
         <size>0x216</size>
         <input_file_ref idref="fl-2"/>
      </object_component>
      <object_component id="oc-3e">
         <name>.debug_str</name>
         <load_address>0x310</load_address>
         <run_address>0x310</run_address>
         <size>0xfa</size>
         <input_file_ref idref="fl-3"/>
      </object_component>
      <object_component id="oc-170">
         <name>.debug_str</name>
         <load_address>0x40a</load_address>
         <run_address>0x40a</run_address>
         <size>0x141</size>
         <input_file_ref idref="fl-c"/>
      </object_component>
      <object_component id="oc-39">
         <name>.debug_str</name>
         <load_address>0x54b</load_address>
         <run_address>0x54b</run_address>
         <size>0x10d</size>
         <input_file_ref idref="fl-c4"/>
      </object_component>
      <object_component id="oc-85">
         <name>.debug_str</name>
         <load_address>0x658</load_address>
         <run_address>0x658</run_address>
         <size>0x14a</size>
         <input_file_ref idref="fl-c4"/>
      </object_component>
      <object_component id="oc-49">
         <name>.debug_str</name>
         <load_address>0x7a2</load_address>
         <run_address>0x7a2</run_address>
         <size>0x100</size>
         <input_file_ref idref="fl-c5"/>
      </object_component>
      <object_component id="oc-8c">
         <name>.debug_str</name>
         <load_address>0x8a2</load_address>
         <run_address>0x8a2</run_address>
         <size>0x12d</size>
         <input_file_ref idref="fl-c5"/>
      </object_component>
      <object_component id="oc-55">
         <name>.debug_str</name>
         <load_address>0x9cf</load_address>
         <run_address>0x9cf</run_address>
         <size>0xfa</size>
         <input_file_ref idref="fl-c6"/>
      </object_component>
      <object_component id="oc-94">
         <name>.debug_str</name>
         <load_address>0xac9</load_address>
         <run_address>0xac9</run_address>
         <size>0x12d</size>
         <input_file_ref idref="fl-c6"/>
      </object_component>
      <object_component id="oc-128">
         <name>.debug_str</name>
         <load_address>0xbf6</load_address>
         <run_address>0xbf6</run_address>
         <size>0xd6</size>
         <input_file_ref idref="fl-ce"/>
      </object_component>
      <object_component id="oc-ca">
         <name>.debug_str</name>
         <load_address>0xccc</load_address>
         <run_address>0xccc</run_address>
         <size>0xe2</size>
         <input_file_ref idref="fl-cf"/>
      </object_component>
      <object_component id="oc-142">
         <name>.debug_str</name>
         <load_address>0xdae</load_address>
         <run_address>0xdae</run_address>
         <size>0x138</size>
         <input_file_ref idref="fl-cf"/>
      </object_component>
      <object_component id="oc-cf">
         <name>.debug_str</name>
         <load_address>0xee6</load_address>
         <run_address>0xee6</run_address>
         <size>0x184</size>
         <input_file_ref idref="fl-cf"/>
      </object_component>
      <object_component id="oc-13d">
         <name>.debug_str</name>
         <load_address>0x106a</load_address>
         <run_address>0x106a</run_address>
         <size>0xd7</size>
         <input_file_ref idref="fl-d0"/>
      </object_component>
      <object_component id="oc-a9">
         <name>.debug_aranges</name>
         <load_address>0x0</load_address>
         <run_address>0x0</run_address>
         <size>0x40</size>
         <input_file_ref idref="fl-2"/>
      </object_component>
      <object_component id="oc-2c">
         <name>.debug_aranges</name>
         <load_address>0x40</load_address>
         <run_address>0x40</run_address>
         <size>0x38</size>
         <input_file_ref idref="fl-3"/>
      </object_component>
      <object_component id="oc-d2">
         <name>.debug_aranges</name>
         <load_address>0x78</load_address>
         <run_address>0x78</run_address>
         <size>0x20</size>
         <input_file_ref idref="fl-9"/>
      </object_component>
      <object_component id="oc-151">
         <name>.debug_aranges</name>
         <load_address>0x98</load_address>
         <run_address>0x98</run_address>
         <size>0x20</size>
         <input_file_ref idref="fl-9"/>
      </object_component>
      <object_component id="oc-157">
         <name>.debug_aranges</name>
         <load_address>0xb8</load_address>
         <run_address>0xb8</run_address>
         <size>0x20</size>
         <input_file_ref idref="fl-9"/>
      </object_component>
      <object_component id="oc-102">
         <name>.debug_aranges</name>
         <load_address>0xd8</load_address>
         <run_address>0xd8</run_address>
         <size>0x20</size>
         <input_file_ref idref="fl-9"/>
      </object_component>
      <object_component id="oc-108">
         <name>.debug_aranges</name>
         <load_address>0xf8</load_address>
         <run_address>0xf8</run_address>
         <size>0x20</size>
         <input_file_ref idref="fl-9"/>
      </object_component>
      <object_component id="oc-10e">
         <name>.debug_aranges</name>
         <load_address>0x118</load_address>
         <run_address>0x118</run_address>
         <size>0x20</size>
         <input_file_ref idref="fl-b"/>
      </object_component>
      <object_component id="oc-e4">
         <name>.debug_aranges</name>
         <load_address>0x138</load_address>
         <run_address>0x138</run_address>
         <size>0x20</size>
         <input_file_ref idref="fl-b"/>
      </object_component>
      <object_component id="oc-e0">
         <name>.debug_aranges</name>
         <load_address>0x158</load_address>
         <run_address>0x158</run_address>
         <size>0x20</size>
         <input_file_ref idref="fl-b"/>
      </object_component>
      <object_component id="oc-ec">
         <name>.debug_aranges</name>
         <load_address>0x178</load_address>
         <run_address>0x178</run_address>
         <size>0x20</size>
         <input_file_ref idref="fl-b"/>
      </object_component>
      <object_component id="oc-da">
         <name>.debug_aranges</name>
         <load_address>0x198</load_address>
         <run_address>0x198</run_address>
         <size>0x20</size>
         <input_file_ref idref="fl-b"/>
      </object_component>
      <object_component id="oc-f5">
         <name>.debug_aranges</name>
         <load_address>0x1b8</load_address>
         <run_address>0x1b8</run_address>
         <size>0x20</size>
         <input_file_ref idref="fl-c"/>
      </object_component>
      <object_component id="oc-fb">
         <name>.debug_aranges</name>
         <load_address>0x1d8</load_address>
         <run_address>0x1d8</run_address>
         <size>0x20</size>
         <input_file_ref idref="fl-c"/>
      </object_component>
      <object_component id="oc-ef">
         <name>.debug_aranges</name>
         <load_address>0x1f8</load_address>
         <run_address>0x1f8</run_address>
         <size>0x20</size>
         <input_file_ref idref="fl-c"/>
      </object_component>
      <object_component id="oc-27">
         <name>.debug_aranges</name>
         <load_address>0x218</load_address>
         <run_address>0x218</run_address>
         <size>0x20</size>
[...]
            <object_component_ref idref="oc-6b"/>
            <object_component_ref idref="oc-67"/>
            <object_component_ref idref="oc-9c"/>
            <object_component_ref idref="oc-a3"/>
         </contents>
      </logical_group>
      <logical_group id="lg-190" display="never" color="cyan">
         <name>.debug_pubnames</name>
         <load_address>0x0</load_address>
         <run_address>0x0</run_address>
         <size>0x660</size>
         <contents>
            <object_component_ref idref="oc-114"/>
            <object_component_ref idref="oc-aa"/>
            <object_component_ref idref="oc-11"/>
            <object_component_ref idref="oc-2f"/>
            <object_component_ref idref="oc-15e"/>
            <object_component_ref idref="oc-d3"/>
            <object_component_ref idref="oc-152"/>
            <object_component_ref idref="oc-158"/>
            <object_component_ref idref="oc-103"/>
            <object_component_ref idref="oc-109"/>
            <object_component_ref idref="oc-10f"/>
            <object_component_ref idref="oc-e5"/>
            <object_component_ref idref="oc-df"/>
            <object_component_ref idref="oc-eb"/>
            <object_component_ref idref="oc-d9"/>
            <object_component_ref idref="oc-f7"/>
            <object_component_ref idref="oc-fd"/>
            <object_component_ref idref="oc-f1"/>
            <object_component_ref idref="oc-26"/>
            <object_component_ref idref="oc-16"/>
            <object_component_ref idref="oc-1a"/>
            <object_component_ref idref="oc-21"/>
            <object_component_ref idref="oc-b1"/>
            <object_component_ref idref="oc-72"/>
            <object_component_ref idref="oc-42"/>
            <object_component_ref idref="oc-4f"/>
            <object_component_ref idref="oc-5a"/>
            <object_component_ref idref="oc-5f"/>
            <object_component_ref idref="oc-77"/>
            <object_component_ref idref="oc-b4"/>
            <object_component_ref idref="oc-130"/>
            <object_component_ref idref="oc-6d"/>
            <object_component_ref idref="oc-68"/>
            <object_component_ref idref="oc-9d"/>
            <object_component_ref idref="oc-a4"/>
         </contents>
      </logical_group>
      <logical_group id="lg-192" display="never" color="cyan">
         <name>.debug_pubtypes</name>
         <load_address>0x0</load_address>
         <run_address>0x0</run_address>
         <size>0x66d</size>
         <contents>
            <object_component_ref idref="oc-bb"/>
            <object_component_ref idref="oc-7d"/>
            <object_component_ref idref="oc-3b"/>
            <object_component_ref idref="oc-16d"/>
            <object_component_ref idref="oc-36"/>
            <object_component_ref idref="oc-82"/>
            <object_component_ref idref="oc-46"/>
            <object_component_ref idref="oc-89"/>
            <object_component_ref idref="oc-52"/>
            <object_component_ref idref="oc-91"/>
            <object_component_ref idref="oc-b7"/>
            <object_component_ref idref="oc-134"/>
            <object_component_ref idref="oc-125"/>
            <object_component_ref idref="oc-c7"/>
            <object_component_ref idref="oc-13f"/>
            <object_component_ref idref="oc-cc"/>
            <object_component_ref idref="oc-13a"/>
         </contents>
      </logical_group>
      <load_segment id="lg-19d" display="no" color="cyan">
         <name>SEGMENT_0</name>
         <load_address>0x0</load_address>
         <run_address>0x0</run_address>
         <size>0xd08</size>
         <flags>0x5</flags>
         <contents>
            <logical_group_ref idref="lg-3"/>
            <logical_group_ref idref="lg-4"/>
            <logical_group_ref idref="lg-5"/>
            <logical_group_ref idref="lg-6"/>
         </contents>
      </load_segment>
      <load_segment id="lg-19e" display="no" color="cyan">
         <name>SEGMENT_1</name>
         <run_address>0x20000000</run_address>
         <size>0x24c</size>
         <flags>0x6</flags>
         <contents>
            <logical_group_ref idref="lg-d"/>
            <logical_group_ref idref="lg-b"/>
            <logical_group_ref idref="lg-a"/>
         </contents>
      </load_segment>
   </logical_group_list>
   <placement_map>
      <memory_area display="yes" color="green">
         <name>FLASH</name>
         <page_id>0x0</page_id>
         <origin>0x0</origin>
         <length>0x40000</length>
         <used_space>0xd02</used_space>
         <unused_space>0x3f2fe</unused_space>
         <attributes>RX</attributes>
         <usage_details>
            <allocated_space>
               <start_address>0x0</start_address>
               <size>0x26c</size>
               <logical_group_ref idref="lg-3"/>
            </allocated_space>
            <allocated_space>
               <start_address>0x26c</start_address>
               <size>0x9ce</size>
               <logical_group_ref idref="lg-4"/>
            </allocated_space>
            <available_space>
               <start_address>0xc3a</start_address>
               <size>0x2</size>
            </available_space>
            <allocated_space>
               <start_address>0xc3c</start_address>
               <size>0x90</size>
               <logical_group_ref idref="lg-5"/>
            </allocated_space>
            <available_space>
               <start_address>0xccc</start_address>
               <size>0x4</size>
            </available_space>
            <allocated_space>
               <start_address>0xcd0</start_address>
               <size>0x38</size>
               <logical_group_ref idref="lg-6"/>
            </allocated_space>
            <available_space>
               <start_address>0xd08</start_address>
               <size>0x3f2f8</size>
            </available_space>
         </usage_details>
      </memory_area>
      <memory_area display="yes" color="green">
         <name>SRAM</name>
         <page_id>0x0</page_id>
         <origin>0x20000000</origin>
         <length>0x8000</length>
         <used_space>0x24c</used_space>
         <unused_space>0x7db4</unused_space>
         <attributes>RWX</attributes>
         <usage_details>
            <allocated_space>
               <start_address>0x20000000</start_address>
               <size>0x200</size>
               <logical_group_ref idref="lg-d"/>
            </allocated_space>
            <allocated_space>
               <start_address>0x20000200</start_address>
               <size>0x34</size>
               <logical_group_ref idref="lg-b"/>
            </allocated_space>
            <allocated_space>
               <start_address>0x20000234</start_address>
               <size>0x18</size>
               <logical_group_ref idref="lg-a"/>
            </allocated_space>
            <available_space>
               <start_address>0x2000024c</start_address>
               <size>0x7db4</size>
            </available_space>
         </usage_details>
      </memory_area>
   </placement_map>
   <cptbl_list>
      <cptbl>
         <name>__TI_cinit_table</name>
         <cprec>
            <name>.data</name>
            <load_address>0xcd0</load_address>
            <load_size>0x11</load_size>
            <run_address>0x20000234</run_address>
            <run_size>0x18</run_size>
            <compression>lzss</compression>
         </cprec>
         <cprec>
            <name>.bss</name>
            <load_address>0xcf0</load_address>
            <load_size>0x8</load_size>
            <run_address>0x20000200</run_address>
            <run_size>0x34</run_size>
            <compression>zero_init</compression>
         </cprec>
      </cptbl>
   </cptbl_list>
   <handler_table>
      <handler_table_name>__TI_handler_table</handler_table_name>
      <handler>
         <index>0x0</index>
         <name>__TI_decompress_lzss</name>
      </handler>
      <handler>
         <index>0x1</index>
         <name>__TI_decompress_none</name>
      </handler>
      <handler>
         <index>0x2</index>
         <name>__TI_zero_init</name>
      </handler>
   </handler_table>
   <symbol_table>
      <symbol id="sm-1">
         <name>__STACK_TOP</name>
         <value>0x20000200</value>
      </symbol>
      <symbol id="sm-2">
         <name>__TI_CINIT_Base</name>
         <value>0xcf8</value>
      </symbol>
      <symbol id="sm-3">
         <name>__TI_CINIT_Limit</name>
         <value>0xd08</value>
      </symbol>
      <symbol id="sm-4">
         <name>__TI_Handler_Table_Base</name>
         <value>0xce4</value>
      </symbol>
      <symbol id="sm-5">
         <name>__TI_Handler_Table_Limit</name>
         <value>0xcf0</value>
      </symbol>
      <symbol id="sm-6">
         <name>binit</name>
         <value>0xffffffff</value>
      </symbol>
      <symbol id="sm-7">
         <name>__binit__</name>
         <value>0xffffffff</value>
      </symbol>
      <symbol id="sm-8">
         <name>__STACK_SIZE</name>
         <value>0x200</value>
      </symbol>
      <symbol id="sm-9">
         <name>__STACK_END</name>
         <value>0x20000200</value>
      </symbol>
      <symbol id="sm-a">
         <name>__c_args__</name>
         <value>0xffffffff</value>
      </symbol>
      <symbol id="sm-b">
         <name>__TI_pprof_out_hndl</name>
         <value>0xffffffff</value>
      </symbol>
      <symbol id="sm-c">
         <name>__TI_prof_data_start</name>
         <value>0xffffffff</value>
      </symbol>
      <symbol id="sm-d">
         <name>__TI_prof_data_size</name>
         <value>0xffffffff</value>
      </symbol>
      <symbol id="sm-63">
         <name>Kp</name>
         <value>0x2000020c</value>
      </symbol>
      <symbol id="sm-64">
         <name>Ki</name>
         <value>0x20000208</value>
      </symbol>
      <symbol id="sm-65">
         <name>Kd</name>
         <value>0x20000204</value>
      </symbol>
      <symbol id="sm-66">
         <name>minInt</name>
         <value>0x2000022c</value>
      </symbol>
      <symbol id="sm-67">
         <name>maxInt</name>
         <value>0x20000228</value>
      </symbol>
      <symbol id="sm-68">
         <name>setPoint</name>
         <value>0x20000230</value>
      </symbol>
      <symbol id="sm-69">
         <name>derivator</name>
         <value>0x2000021c</value>
      </symbol>
      <symbol id="sm-6a">
         <name>integrator</name>
         <value>0x20000224</value>
      </symbol>
      <symbol id="sm-6b">
         <name>error</name>
         <value>0x20000220</value>
      </symbol>
      <symbol id="sm-6c">
         <name>Load</name>
         <value>0x20000210</value>
      </symbol>
      <symbol id="sm-6d">
         <name>PWMClock</name>
         <value>0x20000214</value>
      </symbol>
      <symbol id="sm-6e">
         <name>DutyC1</name>
         <value>0x20000200</value>
      </symbol>
      <symbol id="sm-6f">
         <name>SensorVar</name>
         <value>0x20000218</value>
      </symbol>
      <symbol id="sm-70">
         <name>PIDUpdate</name>
         <value>0x2d7</value>
         <object_component_ref idref="oc-a7"/>
      </symbol>
      <symbol id="sm-71">
         <name>main</name>
         <value>0x479</value>
         <object_component_ref idref="oc-a7"/>
      </symbol>
      <symbol id="sm-72">
         <name>PIDInit</name>
         <value>0x26d</value>
         <object_component_ref idref="oc-a7"/>
      </symbol>
      <symbol id="sm-73">
         <name>PWM_Init</name>
         <value>0x42b</value>
         <object_component_ref idref="oc-a7"/>
      </symbol>
      <symbol id="sm-74">
         <name>PIDSetPoint</name>
         <value>0x2b9</value>
         <object_component_ref idref="oc-a7"/>
      </symbol>
      <symbol id="sm-95">
         <name>ResetISR</name>
         <value>0xc1f</value>
         <object_component_ref idref="oc-2b"/>
      </symbol>
      <symbol id="sm-96">
         <name>g_pfnVectors</name>
         <value>0x0</value>
         <object_component_ref idref="oc-f"/>
      </symbol>
      <symbol id="sm-d0">
         <name>GPIOPinTypePWM</name>
         <value>0xbc5</value>
         <object_component_ref idref="oc-100"/>
      </symbol>
      <symbol id="sm-d1">
         <name>GPIOPinConfigure</name>
         <value>0xa9d</value>
         <object_component_ref idref="oc-106"/>
      </symbol>
      <symbol id="sm-d2">
         <name>GPIODirModeSet</name>
         <value>0xb19</value>
         <object_component_ref idref="oc-14f"/>
      </symbol>
      <symbol id="sm-d3">
         <name>GPIOPinWrite</name>
         <value>0xc2b</value>
         <object_component_ref idref="oc-d0"/>
      </symbol>
      <symbol id="sm-d4">
         <name>GPIOPadConfigSet</name>
         <value>0x591</value>
         <object_component_ref idref="oc-155"/>
      </symbol>
      <symbol id="sm-102">
         <name>PWMGenPeriodSet</name>
         <value>0xbe9</value>
         <object_component_ref idref="oc-dc"/>
      </symbol>
      <symbol id="sm-103">
         <name>PWMPulseWidthSet</name>
         <value>0xb65</value>
         <object_component_ref idref="oc-10c"/>
      </symbol>
      <symbol id="sm-104">
         <name>PWMOutputState</name>
         <value>0xbd7</value>
         <object_component_ref idref="oc-e2"/>
      </symbol>
      <symbol id="sm-105">
         <name>PWMGenEnable</name>
         <value>0xc07</value>
         <object_component_ref idref="oc-e8"/>
      </symbol>
      <symbol id="sm-106">
         <name>PWMGenConfigure</name>
         <value>0xb43</value>
         <object_component_ref idref="oc-d6"/>
      </symbol>
      <symbol id="sm-13c">
         <name>SysCtlClockSet</name>
         <value>0x6c5</value>
         <object_component_ref idref="oc-ee"/>
      </symbol>
      <symbol id="sm-13d">
         <name>SysCtlDelay</name>
         <value>0xc31</value>
         <object_component_ref idref="oc-14a"/>
      </symbol>
      <symbol id="sm-13e">
         <name>SysCtlPeripheralEnable</name>
         <value>0xae5</value>
         <object_component_ref idref="oc-f4"/>
      </symbol>
      <symbol id="sm-13f">
         <name>SysCtlPWMClockSet</name>
         <value>0xb9d</value>
         <object_component_ref idref="oc-fa"/>
      </symbol>
      <symbol id="sm-151">
         <name>_c_int00</name>
         <value>0x9a9</value>
         <object_component_ref idref="oc-24"/>
      </symbol>
      <symbol id="sm-152">
         <name>__stack</name>
         <value>0x20000000</value>
         <object_component_ref idref="oc-2a"/>
      </symbol>
      <symbol id="sm-170">
         <name>__TI_decompress_lzss</name>
         <value>0x941</value>
         <object_component_ref idref="oc-12"/>
      </symbol>
      <symbol id="sm-187">
         <name>__TI_decompress_none</name>
         <value>0xbf9</value>
         <object_component_ref idref="oc-18"/>
      </symbol>
      <symbol id="sm-19e">
         <name>__TI_zero_init</name>
         <value>0xc13</value>
         <object_component_ref idref="oc-1e"/>
      </symbol>
      <symbol id="sm-1bf">
         <name>C$$EXIT</name>
         <value>0x9fd</value>
         <object_component_ref idref="oc-6f"/>
      </symbol>
      <symbol id="sm-1c0">
         <name>abort</name>
         <value>0xa01</value>
         <object_component_ref idref="oc-6f"/>
      </symbol>
      <symbol id="sm-1c1">
         <name>exit</name>
         <value>0xa09</value>
         <object_component_ref idref="oc-6f"/>
      </symbol>
      <symbol id="sm-1c2">
         <name>__TI_dtors_ptr</name>
         <value>0x20000238</value>
         <object_component_ref idref="oc-af"/>
      </symbol>
      <symbol id="sm-1c3">
         <name>__TI_cleanup_ptr</name>
         <value>0x20000234</value>
         <object_component_ref idref="oc-af"/>
      </symbol>
      <symbol id="sm-1c4">
         <name>__TI_enable_exit_profile_output</name>
         <value>0x2000023c</value>
         <object_component_ref idref="oc-af"/>
      </symbol>
      <symbol id="sm-1df">
         <name>memcpy</name>
         <value>0x7b9</value>
         <object_component_ref idref="oc-3f"/>
      </symbol>
      <symbol id="sm-1e0">
         <name>__aeabi_memcpy</name>
         <value>0x7b9</value>
         <object_component_ref idref="oc-3f"/>
      </symbol>
      <symbol id="sm-1e1">
         <name>__aeabi_memcpy8</name>
         <value>0x7b9</value>
         <object_component_ref idref="oc-3f"/>
      </symbol>
      <symbol id="sm-1e2">
         <name>__aeabi_memcpy4</name>
         <value>0x7b9</value>
         <object_component_ref idref="oc-3f"/>
      </symbol>
      <symbol id="sm-1f1">
         <name>__aeabi_memset</name>
         <value>0x857</value>
         <object_component_ref idref="oc-4b"/>
      </symbol>
      <symbol id="sm-1f2">
         <name>memset</name>
         <value>0x85d</value>
         <object_component_ref idref="oc-4b"/>
      </symbol>
      <symbol id="sm-1f3">
         <name>__aeabi_memset8</name>
         <value>0x857</value>
         <object_component_ref idref="oc-4b"/>
      </symbol>
      <symbol id="sm-1f4">
         <name>__aeabi_memset4</name>
         <value>0x857</value>
         <object_component_ref idref="oc-4b"/>
      </symbol>
      <symbol id="sm-1f5">
         <name>__aeabi_memclr8</name>
         <value>0x855</value>
         <object_component_ref idref="oc-4b"/>
      </symbol>
      <symbol id="sm-1f6">
         <name>__aeabi_memclr4</name>
         <value>0x855</value>
         <object_component_ref idref="oc-4b"/>
      </symbol>
      <symbol id="sm-1f7">
         <name>__aeabi_memclr</name>
         <value>0x855</value>
         <object_component_ref idref="oc-4b"/>
      </symbol>
      <symbol id="sm-201">
         <name>__mpu_init</name>
         <value>0x6c3</value>
         <object_component_ref idref="oc-57"/>
      </symbol>
      <symbol id="sm-20b">
         <name>_system_pre_init</name>
         <value>0xc37</value>
         <object_component_ref idref="oc-5d"/>
      </symbol>
      <symbol id="sm-213">
         <name>main_func_sp</name>
         <value>0x20000248</value>
         <object_component_ref idref="oc-75"/>
      </symbol>
      <symbol id="sm-22c">
         <name>_nop</name>
         <value>0xbbf</value>
         <object_component_ref idref="oc-12b"/>
      </symbol>
      <symbol id="sm-22d">
         <name>_lock</name>
         <value>0x20000240</value>
         <object_component_ref idref="oc-b2"/>
      </symbol>
      <symbol id="sm-22e">
         <name>_unlock</name>
         <value>0x20000244</value>
         <object_component_ref idref="oc-b2"/>
      </symbol>
      <symbol id="sm-22f">
         <name>_register_lock</name>
         <value>0xbb7</value>
         <object_component_ref idref="oc-12b"/>
      </symbol>
      <symbol id="sm-230">
         <name>_register_unlock</name>
         <value>0xbb1</value>
         <object_component_ref idref="oc-12b"/>
      </symbol>
      <symbol id="sm-244">
         <name>_args_main</name>
         <value>0xb85</value>
         <object_component_ref idref="oc-69"/>
      </symbol>
      <symbol id="sm-26e">
         <name>__TI_auto_init</name>
         <value>0x8d1</value>
         <object_component_ref idref="oc-63"/>
      </symbol>
      <symbol id="sm-288">
         <name>copy_in</name>
         <value>0xa51</value>
         <object_component_ref idref="oc-99"/>
      </symbol>
      <symbol id="sm-292">
         <name>_system_post_cinit</name>
         <value>0x8cf</value>
         <object_component_ref idref="oc-9f"/>
      </symbol>
      <symbol id="sm-293">
         <name>__TI_static_base__</name>
         <value>0x0</value>
      </symbol>
      <symbol id="sm-296">
         <name>SHT$$INIT_ARRAY$$Limit</name>
         <value>0x0</value>
      </symbol>
      <symbol id="sm-297">
         <name>SHT$$INIT_ARRAY$$Base</name>
         <value>0x0</value>
      </symbol>
   </symbol_table>
   <title>Link successful</title>
</link_info>
